MemTotal:        2021192 kB
MemFree:          277636 kB
MemAvailable:     846168 kB
Buffers:            7304 kB
Cached:           763868 kB
SwapCached:        16364 kB
Active:           797528 kB
Inactive:         403116 kB
Active(anon):     368128 kB
Inactive(anon):    85548 kB
Active(file):     429400 kB
Inactive(file):   317568 kB
Unevictable:        4196 kB
Mlocked:            4196 kB
SwapTotal:       1515888 kB
SwapFree:         839012 kB
Dirty:             12476 kB
Writeback:            12 kB
AnonPages:        425832 kB
Mapped:           437728 kB
Shmem:             21048 kB
KReclaimable:      37040 kB
Slab:             169440 kB
SReclaimable:      37040 kB
SUnreclaim:       132400 kB
KernelStack:       32464 kB
PageTables:        63808 kB
SecPageTables:         0 kB
NFS_Unstable:          0 kB
Bounce:                0 kB
WritebackTmp:          0 kB
CommitLimit:     2526484 kB
Committed_AS:   99061492 kB
VmallocTotal:   34359738367 kB
VmallocUsed:       53828 kB
VmallocChunk:          0 kB
Percpu:             4736 kB
AnonHugePages:         0 kB
ShmemHugePages:        0 kB
ShmemPmdMapped:        0 kB
FileHugePages:         0 kB
FilePmdMapped:         0 kB
CmaTotal:         294912 kB
CmaFree:          126312 kB
DirectMap4k:       57168 kB
DirectMap2M:     2039808 kB
