MemTotal:        2021192 kB
MemFree:          401584 kB
MemAvailable:     854932 kB
Buffers:            5920 kB
Cached:           656808 kB
SwapCached:        16360 kB
Active:           541336 kB
Inactive:         554668 kB
Active(anon):     312652 kB
Inactive(anon):   151176 kB
Active(file):     228684 kB
Inactive(file):   403492 kB
Unevictable:        4196 kB
Mlocked:            4196 kB
SwapTotal:       1515888 kB
SwapFree:         897268 kB
Dirty:             11508 kB
Writeback:             0 kB
AnonPages:        429356 kB
Mapped:           446116 kB
Shmem:             27224 kB
KReclaimable:      36252 kB
Slab:             168280 kB
SReclaimable:      36252 kB
SUnreclaim:       132028 kB
KernelStack:       31600 kB
PageTables:        62908 kB
SecPageTables:         0 kB
NFS_Unstable:          0 kB
Bounce:                0 kB
WritebackTmp:          0 kB
CommitLimit:     2526484 kB
Committed_AS:   97193516 kB
VmallocTotal:   34359738367 kB
VmallocUsed:       52996 kB
VmallocChunk:          0 kB
Percpu:             4736 kB
AnonHugePages:         0 kB
ShmemHugePages:        0 kB
ShmemPmdMapped:        0 kB
FileHugePages:         0 kB
FilePmdMapped:         0 kB
CmaTotal:         294912 kB
CmaFree:           19144 kB
DirectMap4k:       57168 kB
DirectMap2M:     2039808 kB
