MemTotal:        2021192 kB
MemFree:          295260 kB
MemAvailable:     926308 kB
Buffers:            4292 kB
Cached:           820100 kB
SwapCached:         8848 kB
Active:           813312 kB
Inactive:         404832 kB
Active(anon):     348368 kB
Inactive(anon):    61788 kB
Active(file):     464944 kB
Inactive(file):   343044 kB
Unevictable:        4196 kB
Mlocked:            4196 kB
SwapTotal:       1515888 kB
SwapFree:         861988 kB
Dirty:             11840 kB
Writeback:             0 kB
AnonPages:        396172 kB
Mapped:           469728 kB
Shmem:             12880 kB
KReclaimable:      40028 kB
Slab:             173452 kB
SReclaimable:      40028 kB
SUnreclaim:       133424 kB
KernelStack:       33536 kB
PageTables:        61892 kB
SecPageTables:         0 kB
NFS_Unstable:          0 kB
Bounce:                0 kB
WritebackTmp:          0 kB
CommitLimit:     2526484 kB
Committed_AS:   101030056 kB
VmallocTotal:   34359738367 kB
VmallocUsed:       54868 kB
VmallocChunk:          0 kB
Percpu:             4736 kB
AnonHugePages:         0 kB
ShmemHugePages:        0 kB
ShmemPmdMapped:        0 kB
FileHugePages:         0 kB
FilePmdMapped:         0 kB
CmaTotal:         294912 kB
CmaFree:          113888 kB
DirectMap4k:       57168 kB
DirectMap2M:     2039808 kB
