MemTotal:        2020728 kB
MemFree:          223952 kB
MemAvailable:     843232 kB
Buffers:            7680 kB
Cached:           828340 kB
SwapCached:        15620 kB
Active:           896332 kB
Inactive:         366564 kB
Active(anon):     364672 kB
Inactive(anon):    82328 kB
Active(file):     531660 kB
Inactive(file):   284236 kB
Unevictable:        4272 kB
Mlocked:            4272 kB
SwapTotal:       1515540 kB
SwapFree:         918740 kB
Dirty:             11844 kB
Writeback:             0 kB
AnonPages:        423524 kB
Mapped:           441824 kB
Shmem:             16620 kB
KReclaimable:      36988 kB
Slab:             171296 kB
SReclaimable:      36988 kB
SUnreclaim:       134308 kB
KernelStack:       32656 kB
PageTables:        59696 kB
SecPageTables:         0 kB
NFS_Unstable:          0 kB
Bounce:                0 kB
WritebackTmp:          0 kB
CommitLimit:     2525904 kB
Committed_AS:   95830488 kB
VmallocTotal:   34359738367 kB
VmallocUsed:       54096 kB
VmallocChunk:          0 kB
Percpu:             9408 kB
AnonHugePages:         0 kB
ShmemHugePages:        0 kB
ShmemPmdMapped:        0 kB
FileHugePages:         0 kB
FilePmdMapped:         0 kB
CmaTotal:         303104 kB
CmaFree:           52568 kB
DirectMap4k:       59216 kB
DirectMap2M:     2037760 kB
