MemTotal:        2020728 kB
MemFree:          259372 kB
MemAvailable:     845148 kB
Buffers:            6712 kB
Cached:           795300 kB
SwapCached:        11212 kB
Active:           977140 kB
Inactive:         302236 kB
Active(anon):     429624 kB
Inactive(anon):    68420 kB
Active(file):     547516 kB
Inactive(file):   233816 kB
Unevictable:        4172 kB
Mlocked:            4172 kB
SwapTotal:       1515540 kB
SwapFree:         977084 kB
Dirty:             11716 kB
Writeback:             0 kB
AnonPages:        479500 kB
Mapped:           552988 kB
Shmem:             17552 kB
KReclaimable:      39112 kB
Slab:             177912 kB
SReclaimable:      39112 kB
SUnreclaim:       138800 kB
KernelStack:       32480 kB
PageTables:        63640 kB
SecPageTables:         0 kB
NFS_Unstable:          0 kB
Bounce:                0 kB
WritebackTmp:          0 kB
CommitLimit:     2525904 kB
Committed_AS:   97794344 kB
VmallocTotal:   34359738367 kB
VmallocUsed:       53872 kB
VmallocChunk:          0 kB
Percpu:             9408 kB
AnonHugePages:         0 kB
ShmemHugePages:        0 kB
ShmemPmdMapped:        0 kB
FileHugePages:         0 kB
FilePmdMapped:         0 kB
CmaTotal:         303104 kB
CmaFree:          122728 kB
DirectMap4k:       63312 kB
DirectMap2M:     2033664 kB
