MemTotal:        2022892 kB
MemFree:          268276 kB
MemAvailable:     762008 kB
Buffers:            6276 kB
Cached:           705944 kB
SwapCached:        18996 kB
Active:           587436 kB
Inactive:         641756 kB
Active(anon):     383548 kB
Inactive(anon):   157664 kB
Active(file):     203888 kB
Inactive(file):   484092 kB
Unevictable:        4184 kB
Mlocked:            4184 kB
SwapTotal:       1517164 kB
SwapFree:         890732 kB
Dirty:             12816 kB
Writeback:             0 kB
AnonPages:        513424 kB
Mapped:           505968 kB
Shmem:             24192 kB
KReclaimable:      41992 kB
Slab:             171564 kB
SReclaimable:      41992 kB
SUnreclaim:       129572 kB
KernelStack:       32352 kB
ShadowCallStack:       0 kB
PageTables:        67304 kB
SecPageTables:         0 kB
NFS_Unstable:          0 kB
Bounce:                0 kB
WritebackTmp:          0 kB
CommitLimit:     2528608 kB
Committed_AS:   118910228 kB
VmallocTotal:   257687552 kB
VmallocUsed:       52200 kB
VmallocChunk:          0 kB
Percpu:             1056 kB
AnonHugePages:         0 kB
ShmemHugePages:        0 kB
ShmemPmdMapped:        0 kB
FileHugePages:         0 kB
FilePmdMapped:         0 kB
CmaTotal:         303104 kB
CmaFree:          118876 kB
