MemTotal:        2020728 kB
MemFree:          168220 kB
MemAvailable:     866540 kB
Buffers:            6636 kB
Cached:           913084 kB
SwapCached:        15208 kB
Active:          1082260 kB
Inactive:         286588 kB
Active(anon):     377124 kB
Inactive(anon):    96812 kB
Active(file):     705136 kB
Inactive(file):   189776 kB
Unevictable:        4272 kB
Mlocked:            4272 kB
SwapTotal:       1515540 kB
SwapFree:         928828 kB
Dirty:             11352 kB
Writeback:             0 kB
AnonPages:        446340 kB
Mapped:           632864 kB
Shmem:             21576 kB
KReclaimable:      37040 kB
Slab:             172224 kB
SReclaimable:      37040 kB
SUnreclaim:       135184 kB
KernelStack:       31392 kB
PageTables:        61656 kB
SecPageTables:         0 kB
NFS_Unstable:          0 kB
Bounce:                0 kB
WritebackTmp:          0 kB
CommitLimit:     2525904 kB
Committed_AS:   95720688 kB
VmallocTotal:   34359738367 kB
VmallocUsed:       52820 kB
VmallocChunk:          0 kB
Percpu:             9408 kB
AnonHugePages:         0 kB
ShmemHugePages:        0 kB
ShmemPmdMapped:        0 kB
FileHugePages:         0 kB
FilePmdMapped:         0 kB
CmaTotal:         303104 kB
CmaFree:           24448 kB
DirectMap4k:       59216 kB
DirectMap2M:     2037760 kB
